// Jest Snapshot v1, https://goo.gl/fbAQLP

exports[`<Welcome /> It renders according to snapshot 1`] = `
<div>
  <div>
    Hello 
    <i>
      KÃ–LN
    </i>
  </div>
</div>
`;
